2023-05-19 21:24:17 [31merror[39m: [31m[[39m
[31m  'fullname must be a string',[39m
[31m  'fullname must be a string',[39m
[31m  'company must be a string',[39m
[31m  'fullname must be a string',[39m
[31m  'fullname must be a string',[39m
[31m  'company must be a string',[39m
[31m  'contact must be a valid phone number',[39m
[31m  'fullname must be a string',[39m
[31m  'fullname must be a string',[39m
[31m  'company must be a string',[39m
[31m  'fullname must be a string',[39m
[31m  'fullname must be a string',[39m
[31m  'company must be a string',[39m
[31m  'contact must be a valid phone number',[39m
[31m  'referal must be a string',[39m
[31m  'fullname must be a string',[39m
[31m  'fullname must be a string',[39m
[31m  'company must be a string',[39m
[31m  'fullname must be a string',[39m
[31m  'fullname must be a string',[39m
[31m  'company must be a string',[39m
[31m  'contact must be a valid phone number',[39m
[31m  'fullname must be a string',[39m
[31m  'fullname must be a string',[39m
[31m  'company must be a string',[39m
[31m  'fullname must be a string',[39m
[31m  'fullname must be a string',[39m
[31m  'company must be a string',[39m
[31m  'contact must be a valid phone number',[39m
[31m  'referal must be a string',[39m
[31m  'purpose must be a string',[39m
[31m  'fullname must be a string',[39m
[31m  'fullname must be a string',[39m
[31m  'company must be a string',[39m
[31m  'fullname must be a string',[39m
[31m  'fullname must be a string',[39m
[31m  'company must be a string',[39m
[31m  'contact must be a valid phone number',[39m
[31m  'fullname must be a string',[39m
[31m  'fullname must be a string',[39m
[31m  'company must be a string',[39m
[31m  'fullname must be a string',[39m
[31m  'fullname must be a string',[39m
[31m  'company must be a string',[39m
[31m  'contact must be a valid phone number',[39m
[31m  'referal must be a string',[39m
[31m  'fullname must be a string',[39m
[31m  'fullname must be a string',[39m
[31m  'company must be a string',[39m
[31m  'fullname must be a string',[39m
[31m  'fullname must be a string',[39m
[31m  'company must be a string',[39m
[31m  'contact must be a valid phone number',[39m
[31m  'fullname must be a string',[39m
[31m  'fullname must be a string',[39m
[31m  'company must be a string',[39m
[31m  'fullname must be a string',[39m
[31m  'fullname must be a string',[39m
[31m  'company must be a string',[39m
[31m  'contact must be a valid phone number',[39m
[31m  'referal must be a string',[39m
[31m  'purpose must be a string',[39m
[31m  'country must be a string'[39m
[31m][39m
2023-05-20 12:45:25 [31merror[39m: [31mError Sending Mail read ECONNRESET[39m
