2023-05-19 21:03:59 [31merror[39m: [31muncaughtException: ⨯ Unable to compile TypeScript:[39m
[31m[96msrc/modules/mail/mail.service.ts[0m:[93m11[0m:[93m13[0m - [91merror[0m[90m TS2564: [0mProperty 'transporter' has no initializer and is not definitely assigned in the constructor.[39m

[31m[7m11[0m     private transporter: nodemailer.Transporter;[39m
[31m[7m  [0m [91m            ~~~~~~~~~~~[0m[39m

[31mTSError: ⨯ Unable to compile TypeScript:[39m
[31m[96msrc/modules/mail/mail.service.ts[0m:[93m11[0m:[93m13[0m - [91merror[0m[90m TS2564: [0mProperty 'transporter' has no initializer and is not definitely assigned in the constructor.[39m

[31m[7m11[0m     private transporter: nodemailer.Transporter;[39m
[31m[7m  [0m [91m            ~~~~~~~~~~~[0m[39m

[31m    at createTSError (C:\Users\KUYE_HARRY\AppData\Roaming\npm\node_modules\ts-node\src\index.ts:859:12)[39m
[31m    at reportTSError (C:\Users\KUYE_HARRY\AppData\Roaming\npm\node_modules\ts-node\src\index.ts:863:19)[39m
[31m    at getOutput (C:\Users\KUYE_HARRY\AppData\Roaming\npm\node_modules\ts-node\src\index.ts:1077:36)[39m
[31m    at Object.compile (C:\Users\KUYE_HARRY\AppData\Roaming\npm\node_modules\ts-node\src\index.ts:1433:41)[39m
[31m    at Module.m._compile (C:\Users\KUYE_HARRY\AppData\Roaming\npm\node_modules\ts-node\src\index.ts:1617:30)[39m
[31m    at Module._extensions..js (node:internal/modules/cjs/loader:1213:10)[39m
[31m    at Object.require.extensions.<computed> [as .ts] (C:\Users\KUYE_HARRY\AppData\Roaming\npm\node_modules\ts-node\src\index.ts:1621:12)[39m
[31m    at Module.load (node:internal/modules/cjs/loader:1037:32)[39m
[31m    at Function.Module._load (node:internal/modules/cjs/loader:878:12)[39m
[31m    at Module.require (node:internal/modules/cjs/loader:1061:19)[39m
2023-05-19 21:03:59 [31merror[39m: [31muncaughtException: ⨯ Unable to compile TypeScript:[39m
[31m[96msrc/modules/mail/mail.service.ts[0m:[93m11[0m:[93m13[0m - [91merror[0m[90m TS2564: [0mProperty 'transporter' has no initializer and is not definitely assigned in the constructor.[39m

[31m[7m11[0m     private transporter: nodemailer.Transporter;[39m
[31m[7m  [0m [91m            ~~~~~~~~~~~[0m[39m

[31mTSError: ⨯ Unable to compile TypeScript:[39m
[31m[96msrc/modules/mail/mail.service.ts[0m:[93m11[0m:[93m13[0m - [91merror[0m[90m TS2564: [0mProperty 'transporter' has no initializer and is not definitely assigned in the constructor.[39m

[31m[7m11[0m     private transporter: nodemailer.Transporter;[39m
[31m[7m  [0m [91m            ~~~~~~~~~~~[0m[39m

[31m    at createTSError (C:\Users\KUYE_HARRY\AppData\Roaming\npm\node_modules\ts-node\src\index.ts:859:12)[39m
[31m    at reportTSError (C:\Users\KUYE_HARRY\AppData\Roaming\npm\node_modules\ts-node\src\index.ts:863:19)[39m
[31m    at getOutput (C:\Users\KUYE_HARRY\AppData\Roaming\npm\node_modules\ts-node\src\index.ts:1077:36)[39m
[31m    at Object.compile (C:\Users\KUYE_HARRY\AppData\Roaming\npm\node_modules\ts-node\src\index.ts:1433:41)[39m
[31m    at Module.m._compile (C:\Users\KUYE_HARRY\AppData\Roaming\npm\node_modules\ts-node\src\index.ts:1617:30)[39m
[31m    at Module._extensions..js (node:internal/modules/cjs/loader:1213:10)[39m
[31m    at Object.require.extensions.<computed> [as .ts] (C:\Users\KUYE_HARRY\AppData\Roaming\npm\node_modules\ts-node\src\index.ts:1621:12)[39m
[31m    at Module.load (node:internal/modules/cjs/loader:1037:32)[39m
[31m    at Function.Module._load (node:internal/modules/cjs/loader:878:12)[39m
[31m    at Module.require (node:internal/modules/cjs/loader:1061:19)[39m
2023-05-19 21:05:47 [31merror[39m: [31muncaughtException: ⨯ Unable to compile TypeScript:[39m
[31m[96msrc/modules/auth/auth.validation.ts[0m:[93m5[0m:[93m6[0m - [91merror[0m[90m TS1240: [0mUnable to resolve signature of property decorator when called as an expression.[39m
[31m  Argument of type 'undefined' is not assignable to parameter of type 'Object'.[39m

[31m[7m5[0m     @IsEmail()[39m
[31m[7m [0m [91m     ~~~~~~~~~[0m[39m
[31m[96msrc/modules/auth/auth.validation.ts[0m:[93m6[0m:[93m5[0m - [91merror[0m[90m TS2564: [0mProperty 'email' has no initializer and is not definitely assigned in the constructor.[39m

[31m[7m6[0m     email: string;[39m
[31m[7m [0m [91m    ~~~~~[0m[39m
[31m[96msrc/modules/auth/auth.validation.ts[0m:[93m8[0m:[93m6[0m - [91merror[0m[90m TS1240: [0mUnable to resolve signature of property decorator when called as an expression.[39m
[31m  Argument of type 'undefined' is not assignable to parameter of type 'Object'.[39m

[31m[7m8[0m     @IsString()[39m
[31m[7m [0m [91m     ~~~~~~~~~~[0m[39m
[31m[96msrc/modules/auth/auth.validation.ts[0m:[93m9[0m:[93m5[0m - [91merror[0m[90m TS2564: [0mProperty 'password' has no initializer and is not definitely assigned in the constructor.[39m

[31m[7m9[0m     password: string;[39m
[31m[7m [0m [91m    ~~~~~~~~[0m[39m
[31m[96msrc/modules/auth/auth.validation.ts[0m:[93m13[0m:[93m6[0m - [91merror[0m[90m TS1240: [0mUnable to resolve signature of property decorator when called as an expression.[39m
[31m  Argument of type 'undefined' is not assignable to parameter of type 'Object'.[39m

[31m[7m13[0m     @IsString()[39m
[31m[7m  [0m [91m     ~~~~~~~~~~[0m[39m
[31m[96msrc/modules/auth/auth.validation.ts[0m:[93m14[0m:[93m5[0m - [91merror[0m[90m TS2564: [0mProperty 'fullname' has no initializer and is not definitely assigned in the constructor.[39m

[31m[7m14[0m     fullname: string;[39m
[31m[7m  [0m [91m    ~~~~~~~~[0m[39m
[31m[96msrc/modules/auth/auth.validation.ts[0m:[93m16[0m:[93m6[0m - [91merror[0m[90m TS1240: [0mUnable to resolve signature of property decorator when called as an expression.[39m
[31m  Argument of type 'undefined' is not assignable to parameter of type 'Object'.[39m

[31m[7m16[0m     @IsString()[39m
[31m[7m  [0m [91m     ~~~~~~~~~~[0m[39m
[31m[96msrc/modules/auth/auth.validation.ts[0m:[93m17[0m:[93m5[0m - [91merror[0m[90m TS2564: [0mProperty 'company' has no initializer and is not definitely assigned in the constructor.[39m

[31m[7m17[0m     company: string;[39m
[31m[7m  [0m [91m    ~~~~~~~[0m[39m
[31m[96msrc/modules/auth/auth.validation.ts[0m:[93m19[0m:[93m6[0m - [91merror[0m[90m TS1240: [0mUnable to resolve signature of property decorator when called as an expression.[39m
[31m  Argument of type 'undefined' is not assignable to parameter of type 'Object'.[39m

[31m[7m19[0m     @IsEmail()[39m
[31m[7m  [0m [91m     ~~~~~~~~~[0m[39m
[31m[96msrc/modules/auth/auth.validation.ts[0m:[93m20[0m:[93m5[0m - [91merror[0m[90m TS2564: [0mProperty 'email' has no initializer and is not definitely assigned in the constructor.[39m

[31m[7m20[0m     email: string;[39m
[31m[7m  [0m [91m    ~~~~~[0m[39m
[31m[96msrc/modules/auth/auth.validation.ts[0m:[93m22[0m:[93m6[0m - [91merror[0m[90m TS1240: [0mUnable to resolve signature of property decorator when called as an expression.[39m
[31m  Argument of type 'undefined' is not assignable to parameter of type 'Object'.[39m

[31m[7m22[0m     @IsPhoneNumber()[39m
[31m[7m  [0m [91m     ~~~~~~~~~~~~~~~[0m[39m
[31m[96msrc/modules/auth/auth.validation.ts[0m:[93m23[0m:[93m5[0m - [91merror[0m[90m TS2564: [0mProperty 'contact' has no initializer and is not definitely assigned in the constructor.[39m

[31m[7m23[0m     contact: string;[39m
[31m[7m  [0m [91m    ~~~~~~~[0m[39m
[31m[96msrc/modules/auth/auth.validation.ts[0m:[93m25[0m:[93m6[0m - [91merror[0m[90m TS1240: [0mUnable to resolve signature of property decorator when called as an expression.[39m
[31m  Argument of type 'undefined' is not assignable to parameter of type 'Object'.[39m

[31m[7m25[0m     @IsString()[39m
[31m[7m  [0m [91m     ~~~~~~~~~~[0m[39m
[31m[96msrc/modules/auth/auth.validation.ts[0m:[93m26[0m:[93m5[0m - [91merror[0m[90m TS2564: [0mProperty 'referal' has no initializer and is not definitely assigned in the constructor.[39m

[31m[7m26[0m     referal: string;[39m
[31m[7m  [0m [91m    ~~~~~~~[0m[39m
[31m[96msrc/modules/auth/auth.validation.ts[0m:[93m28[0m:[93m6[0m - [91merror[0m[90m TS1240: [0mUnable to resolve signature of property decorator when called as an expression.[39m
[31m  Argument of type 'undefined' is not assignable to parameter of type 'Object'.[39m

[31m[7m28[0m     @IsString()[39m
[31m[7m  [0m [91m     ~~~~~~~~~~[0m[39m
[31m[96msrc/modules/auth/auth.validation.ts[0m:[93m29[0m:[93m5[0m - [91merror[0m[90m TS2564: [0mProperty 'purpose' has no initializer and is not definitely assigned in the constructor.[39m

[31m[7m29[0m     purpose: string;[39m
[31m[7m  [0m [91m    ~~~~~~~[0m[39m
[31m[96msrc/modules/auth/auth.validation.ts[0m:[93m31[0m:[93m6[0m - [91merror[0m[90m TS1240: [0mUnable to resolve signature of property decorator when called as an expression.[39m
[31m  Argument of type 'undefined' is not assignable to parameter of type 'Object'.[39m

[31m[7m31[0m     @IsString()[39m
[31m[7m  [0m [91m     ~~~~~~~~~~[0m[39m
[31m[96msrc/modules/auth/auth.validation.ts[0m:[93m32[0m:[93m5[0m - [91merror[0m[90m TS2564: [0mProperty 'country' has no initializer and is not definitely assigned in the constructor.[39m

[31m[7m32[0m     country: string;[39m
[31m[7m  [0m [91m    ~~~~~~~[0m[39m
[31m[96msrc/modules/auth/auth.validation.ts[0m:[93m36[0m:[93m6[0m - [91merror[0m[90m TS1240: [0mUnable to resolve signature of property decorator when called as an expression.[39m
[31m  Argument of type 'undefined' is not assignable to parameter of type 'Object'.[39m

[31m[7m36[0m     @IsString()[39m
[31m[7m  [0m [91m     ~~~~~~~~~~[0m[39m
[31m[96msrc/modules/auth/auth.validation.ts[0m:[93m37[0m:[93m5[0m - [91merror[0m[90m TS2564: [0mProperty 'category' has no initializer and is not definitely assigned in the constructor.[39m

[31m[7m37[0m     category: string;[39m
[31m[7m  [0m [91m    ~~~~~~~~[0m[39m
[31m[96msrc/modules/auth/auth.validation.ts[0m:[93m39[0m:[93m6[0m - [91merror[0m[90m TS1240: [0mUnable to resolve signature of property decorator when called as an expression.[39m
[31m  Argument of type 'undefined' is not assignable to parameter of type 'Object'.[39m

[31m[7m39[0m     @IsNumberString()[39m
[31m[7m  [0m [91m     ~~~~~~~~~~~~~~~~[0m[39m
[31m[96msrc/modules/auth/auth.validation.ts[0m:[93m40[0m:[93m5[0m - [91merror[0m[90m TS2564: [0mProperty 'businessNo' has no initializer and is not definitely assigned in the constructor.[39m

[31m[7m40[0m     businessNo: number;[39m
[31m[7m  [0m [91m    ~~~~~~~~~~[0m[39m
[31m[96msrc/modules/auth/auth.validation.ts[0m:[93m42[0m:[93m6[0m - [91merror[0m[90m TS1240: [0mUnable to resolve signature of property decorator when called as an expression.[39m
[31m  Argument of type 'undefined' is not assignable to parameter of type 'Object'.[39m

[31m[7m42[0m     @IsString()[39m
[31m[7m  [0m [91m     ~~~~~~~~~~[0m[39m
[31m[96msrc/modules/auth/auth.validation.ts[0m:[93m43[0m:[93m5[0m - [91merror[0m[90m TS2564: [0mProperty 'businessCategory' has no initializer and is not definitely assigned in the constructor.[39m

[31m[7m43[0m     businessCategory: string;[39m
[31m[7m  [0m [91m    ~~~~~~~~~~~~~~~~[0m[39m
[31m[96msrc/modules/auth/auth.validation.ts[0m:[93m45[0m:[93m6[0m - [91merror[0m[90m TS1240: [0mUnable to resolve signature of property decorator when called as an expression.[39m
[31m  Argument of type 'undefined' is not assignable to parameter of type 'Object'.[39m

[31m[7m45[0m     @IsString()[39m
[31m[7m  [0m [91m     ~~~~~~~~~~[0m[39m
[31m[96msrc/modules/auth/auth.validation.ts[0m:[93m46[0m:[93m5[0m - [91merror[0m[90m TS2564: [0mProperty 'businessModel' has no initializer and is not definitely assigned in the constructor.[39m

[31m[7m46[0m     businessModel: string;[39m
[31m[7m  [0m [91m    ~~~~~~~~~~~~~[0m[39m
[31m[96msrc/modules/auth/auth.validation.ts[0m:[93m48[0m:[93m6[0m - [91merror[0m[90m TS1240: [0mUnable to resolve signature of property decorator when called as an expression.[39m
[31m  Argument of type 'undefined' is not assignable to parameter of type 'Object'.[39m

[31m[7m48[0m     @IsNumberString()[39m
[31m[7m  [0m [91m     ~~~~~~~~~~~~~~~~[0m[39m
[31m[96msrc/modules/auth/auth.validation.ts[0m:[93m49[0m:[93m5[0m - [91merror[0m[90m TS2564: [0mProperty 'dealSizeMin' has no initializer and is not definitely assigned in the constructor.[39m

[31m[7m49[0m     dealSizeMin: number;[39m
[31m[7m  [0m [91m    ~~~~~~~~~~~[0m[39m
[31m[96msrc/modules/auth/auth.validation.ts[0m:[93m51[0m:[93m6[0m - [91merror[0m[90m TS1240: [0mUnable to resolve signature of property decorator when called as an expression.[39m
[31m  Argument of type 'undefined' is not assignable to parameter of type 'Object'.[39m

[31m[7m51[0m     @IsNumberString()[39m
[31m[7m  [0m [91m     ~~~~~~~~~~~~~~~~[0m[39m
[31m[96msrc/modules/auth/auth.validation.ts[0m:[93m52[0m:[93m5[0m - [91merror[0m[90m TS2564: [0mProperty 'dealSizeMax' has no initializer and is not definitely assigned in the constructor.[39m

[31m[7m52[0m     dealSizeMax: number;[39m
[31m[7m  [0m [91m    ~~~~~~~~~~~[0m[39m
[31m[96msrc/modules/auth/auth.validation.ts[0m:[93m54[0m:[93m6[0m - [91merror[0m[90m TS1240: [0mUnable to resolve signature of property decorator when called as an expression.[39m
[31m  Argument of type 'undefined' is not assignable to parameter of type 'Object'.[39m

[31m[7m54[0m     @IsBooleanString()[39m
[31m[7m  [0m [91m     ~~~~~~~~~~~~~~~~~[0m[39m
[31m[96msrc/modules/auth/auth.validation.ts[0m:[93m55[0m:[93m5[0m - [91merror[0m[90m TS2564: [0mProperty 'financeRequired' has no initializer and is not definitely assigned in the constructor.[39m

[31m[7m55[0m     financeRequired: boolean;[39m
[31m[7m  [0m [91m    ~~~~~~~~~~~~~~~[0m[39m
[31m[96msrc/modules/auth/auth.validation.ts[0m:[93m57[0m:[93m6[0m - [91merror[0m[90m TS1240: [0mUnable to resolve signature of property decorator when called as an expression.[39m
[31m  Argument of type 'undefined' is not assignable to parameter of type 'Object'.[39m

[31m[7m57[0m     @IsString()[39m
[31m[7m  [0m [91m     ~~~~~~~~~~[0m[39m
[31m[96msrc/modules/auth/auth.validation.ts[0m:[93m58[0m:[93m5[0m - [91merror[0m[90m TS2564: [0mProperty 'aboutCompany' has no initializer and is not definitely assigned in the constructor.[39m

[31m[7m58[0m     aboutCompany: string[39m
[31m[7m  [0m [91m    ~~~~~~~~~~~~[0m[39m
[31m[96msrc/modules/auth/auth.validation.ts[0m:[93m62[0m:[93m6[0m - [91merror[0m[90m TS1240: [0mUnable to resolve signature of property decorator when called as an expression.[39m
[31m  Argument of type 'undefined' is not assignable to parameter of type 'Object'.[39m

[31m[7m62[0m     @IsString()[39m
[31m[7m  [0m [91m     ~~~~~~~~~~[0m[39m
[31m[96msrc/modules/auth/auth.validation.ts[0m:[93m63[0m:[93m5[0m - [91merror[0m[90m TS2564: [0mProperty 'token' has no initializer and is not definitely assigned in the constructor.[39m

[31m[7m63[0m     token:string;[39m
[31m[7m  [0m [91m    ~~~~~[0m[39m
[31m[96msrc/modules/auth/auth.validation.ts[0m:[93m65[0m:[93m6[0m - [91merror[0m[90m TS1240: [0mUnable to resolve signature of property decorator when called as an expression.[39m
[31m  Argument of type 'undefined' is not assignable to parameter of type 'Object'.[39m

[31m[7m65[0m     @IsString()[39m
[31m[7m  [0m [91m     ~~~~~~~~~~[0m[39m
[31m[96msrc/modules/auth/auth.validation.ts[0m:[93m66[0m:[93m5[0m - [91merror[0m[90m TS2564: [0mProperty 'password' has no initializer and is not definitely assigned in the constructor.[39m

[31m[7m66[0m     password: string;[39m
[31m[7m  [0m [91m    ~~~~~~~~[0m[39m
[31m[96msrc/modules/auth/auth.validation.ts[0m:[93m68[0m:[93m6[0m - [91merror[0m[90m TS1240: [0mUnable to resolve signature of property decorator when called as an expression.[39m
[31m  Argument of type 'undefined' is not assignable to parameter of type 'Object'.[39m

[31m[7m68[0m     @IsString()[39m
[31m[7m  [0m [91m     ~~~~~~~~~~[0m[39m
[31m[96msrc/modules/auth/auth.validation.ts[0m:[93m69[0m:[93m5[0m - [91merror[0m[90m TS2564: [0mProperty 'confirmPasswor' has no initializer and is not definitely assigned in the constructor.[39m

[31m[7m69[0m     confirmPasswor: string;[39m
[31m[7m  [0m [91m    ~~~~~~~~~~~~~~[0m[39m
[31m[96msrc/modules/auth/auth.validation.ts[0m:[93m74[0m:[93m6[0m - [91merror[0m[90m TS1240: [0mUnable to resolve signature of property decorator when called as an expression.[39m
[31m  Argument of type 'undefined' is not assignable to parameter of type 'Object'.[39m

[31m[7m74[0m     @IsString()[39m
[31m[7m  [0m [91m     ~~~~~~~~~~[0m[39m
[31m[96msrc/modules/auth/auth.validation.ts[0m:[93m75[0m:[93m5[0m - [91merror[0m[90m TS2564: [0mProperty 'refreshToken' has no initializer and is not definitely assigned in the constructor.[39m

[31m[7m75[0m     refreshToken: string[39m
[31m[7m  [0m [91m    ~~~~~~~~~~~~[0m[39m

[31mTSError: ⨯ Unable to compile TypeScript:[39m
[31m[96msrc/modules/auth/auth.validation.ts[0m:[93m5[0m:[93m6[0m - [91merror[0m[90m TS1240: [0mUnable to resolve signature of property decorator when called as an expression.[39m
[31m  Argument of type 'undefined' is not assignable to parameter of type 'Object'.[39m

[31m[7m5[0m     @IsEmail()[39m
[31m[7m [0m [91m     ~~~~~~~~~[0m[39m
[31m[96msrc/modules/auth/auth.validation.ts[0m:[93m6[0m:[93m5[0m - [91merror[0m[90m TS2564: [0mProperty 'email' has no initializer and is not definitely assigned in the constructor.[39m

[31m[7m6[0m     email: string;[39m
[31m[7m [0m [91m    ~~~~~[0m[39m
[31m[96msrc/modules/auth/auth.validation.ts[0m:[93m8[0m:[93m6[0m - [91merror[0m[90m TS1240: [0mUnable to resolve signature of property decorator when called as an expression.[39m
[31m  Argument of type 'undefined' is not assignable to parameter of type 'Object'.[39m

[31m[7m8[0m     @IsString()[39m
[31m[7m [0m [91m     ~~~~~~~~~~[0m[39m
[31m[96msrc/modules/auth/auth.validation.ts[0m:[93m9[0m:[93m5[0m - [91merror[0m[90m TS2564: [0mProperty 'password' has no initializer and is not definitely assigned in the constructor.[39m

[31m[7m9[0m     password: string;[39m
[31m[7m [0m [91m    ~~~~~~~~[0m[39m
[31m[96msrc/modules/auth/auth.validation.ts[0m:[93m13[0m:[93m6[0m - [91merror[0m[90m TS1240: [0mUnable to resolve signature of property decorator when called as an expression.[39m
[31m  Argument of type 'undefined' is not assignable to parameter of type 'Object'.[39m

[31m[7m13[0m     @IsString()[39m
[31m[7m  [0m [91m     ~~~~~~~~~~[0m[39m
[31m[96msrc/modules/auth/auth.validation.ts[0m:[93m14[0m:[93m5[0m - [91merror[0m[90m TS2564: [0mProperty 'fullname' has no initializer and is not definitely assigned in the constructor.[39m

[31m[7m14[0m     fullname: string;[39m
[31m[7m  [0m [91m    ~~~~~~~~[0m[39m
[31m[96msrc/modules/auth/auth.validation.ts[0m:[93m16[0m:[93m6[0m - [91merror[0m[90m TS1240: [0mUnable to resolve signature of property decorator when called as an expression.[39m
[31m  Argument of type 'undefined' is not assignable to parameter of type 'Object'.[39m

[31m[7m16[0m     @IsString()[39m
[31m[7m  [0m [91m     ~~~~~~~~~~[0m[39m
[31m[96msrc/modules/auth/auth.validation.ts[0m:[93m17[0m:[93m5[0m - [91merror[0m[90m TS2564: [0mProperty 'company' has no initializer and is not definitely assigned in the constructor.[39m

[31m[7m17[0m     company: string;[39m
[31m[7m  [0m [91m    ~~~~~~~[0m[39m
[31m[96msrc/modules/auth/auth.validation.ts[0m:[93m19[0m:[93m6[0m - [91merror[0m[90m TS1240: [0mUnable to resolve signature of property decorator when called as an expression.[39m
[31m  Argument of type 'undefined' is not assignable to parameter of type 'Object'.[39m

[31m[7m19[0m     @IsEmail()[39m
[31m[7m  [0m [91m     ~~~~~~~~~[0m[39m
[31m[96msrc/modules/auth/auth.validation.ts[0m:[93m20[0m:[93m5[0m - [91merror[0m[90m TS2564: [0mProperty 'email' has no initializer and is not definitely assigned in the constructor.[39m

[31m[7m20[0m     email: string;[39m
[31m[7m  [0m [91m    ~~~~~[0m[39m
[31m[96msrc/modules/auth/auth.validation.ts[0m:[93m22[0m:[93m6[0m - [91merror[0m[90m TS1240: [0mUnable to resolve signature of property decorator when called as an expression.[39m
[31m  Argument of type 'undefined' is not assignable to parameter of type 'Object'.[39m

[31m[7m22[0m     @IsPhoneNumber()[39m
[31m[7m  [0m [91m     ~~~~~~~~~~~~~~~[0m[39m
[31m[96msrc/modules/auth/auth.validation.ts[0m:[93m23[0m:[93m5[0m - [91merror[0m[90m TS2564: [0mProperty 'contact' has no initializer and is not definitely assigned in the constructor.[39m

[31m[7m23[0m     contact: string;[39m
[31m[7m  [0m [91m    ~~~~~~~[0m[39m
[31m[96msrc/modules/auth/auth.validation.ts[0m:[93m25[0m:[93m6[0m - [91merror[0m[90m TS1240: [0mUnable to resolve signature of property decorator when called as an expression.[39m
[31m  Argument of type 'undefined' is not assignable to parameter of type 'Object'.[39m

[31m[7m25[0m     @IsString()[39m
[31m[7m  [0m [91m     ~~~~~~~~~~[0m[39m
[31m[96msrc/modules/auth/auth.validation.ts[0m:[93m26[0m:[93m5[0m - [91merror[0m[90m TS2564: [0mProperty 'referal' has no initializer and is not definitely assigned in the constructor.[39m

[31m[7m26[0m     referal: string;[39m
[31m[7m  [0m [91m    ~~~~~~~[0m[39m
[31m[96msrc/modules/auth/auth.validation.ts[0m:[93m28[0m:[93m6[0m - [91merror[0m[90m TS1240: [0mUnable to resolve signature of property decorator when called as an expression.[39m
[31m  Argument of type 'undefined' is not assignable to parameter of type 'Object'.[39m

[31m[7m28[0m     @IsString()[39m
[31m[7m  [0m [91m     ~~~~~~~~~~[0m[39m
[31m[96msrc/modules/auth/auth.validation.ts[0m:[93m29[0m:[93m5[0m - [91merror[0m[90m TS2564: [0mProperty 'purpose' has no initializer and is not definitely assigned in the constructor.[39m

[31m[7m29[0m     purpose: string;[39m
[31m[7m  [0m [91m    ~~~~~~~[0m[39m
[31m[96msrc/modules/auth/auth.validation.ts[0m:[93m31[0m:[93m6[0m - [91merror[0m[90m TS1240: [0mUnable to resolve signature of property decorator when called as an expression.[39m
[31m  Argument of type 'undefined' is not assignable to parameter of type 'Object'.[39m

[31m[7m31[0m     @IsString()[39m
[31m[7m  [0m [91m     ~~~~~~~~~~[0m[39m
[31m[96msrc/modules/auth/auth.validation.ts[0m:[93m32[0m:[93m5[0m - [91merror[0m[90m TS2564: [0mProperty 'country' has no initializer and is not definitely assigned in the constructor.[39m

[31m[7m32[0m     country: string;[39m
[31m[7m  [0m [91m    ~~~~~~~[0m[39m
[31m[96msrc/modules/auth/auth.validation.ts[0m:[93m36[0m:[93m6[0m - [91merror[0m[90m TS1240: [0mUnable to resolve signature of property decorator when called as an expression.[39m
[31m  Argument of type 'undefined' is not assignable to parameter of type 'Object'.[39m

[31m[7m36[0m     @IsString()[39m
[31m[7m  [0m [91m     ~~~~~~~~~~[0m[39m
[31m[96msrc/modules/auth/auth.validation.ts[0m:[93m37[0m:[93m5[0m - [91merror[0m[90m TS2564: [0mProperty 'category' has no initializer and is not definitely assigned in the constructor.[39m

[31m[7m37[0m     category: string;[39m
[31m[7m  [0m [91m    ~~~~~~~~[0m[39m
[31m[96msrc/modules/auth/auth.validation.ts[0m:[93m39[0m:[93m6[0m - [91merror[0m[90m TS1240: [0mUnable to resolve signature of property decorator when called as an expression.[39m
[31m  Argument of type 'undefined' is not assignable to parameter of type 'Object'.[39m

[31m[7m39[0m     @IsNumberString()[39m
[31m[7m  [0m [91m     ~~~~~~~~~~~~~~~~[0m[39m
[31m[96msrc/modules/auth/auth.validation.ts[0m:[93m40[0m:[93m5[0m - [91merror[0m[90m TS2564: [0mProperty 'businessNo' has no initializer and is not definitely assigned in the constructor.[39m

[31m[7m40[0m     businessNo: number;[39m
[31m[7m  [0m [91m    ~~~~~~~~~~[0m[39m
[31m[96msrc/modules/auth/auth.validation.ts[0m:[93m42[0m:[93m6[0m - [91merror[0m[90m TS1240: [0mUnable to resolve signature of property decorator when called as an expression.[39m
[31m  Argument of type 'undefined' is not assignable to parameter of type 'Object'.[39m

[31m[7m42[0m     @IsString()[39m
[31m[7m  [0m [91m     ~~~~~~~~~~[0m[39m
[31m[96msrc/modules/auth/auth.validation.ts[0m:[93m43[0m:[93m5[0m - [91merror[0m[90m TS2564: [0mProperty 'businessCategory' has no initializer and is not definitely assigned in the constructor.[39m

[31m[7m43[0m     businessCategory: string;[39m
[31m[7m  [0m [91m    ~~~~~~~~~~~~~~~~[0m[39m
[31m[96msrc/modules/auth/auth.validation.ts[0m:[93m45[0m:[93m6[0m - [91merror[0m[90m TS1240: [0mUnable to resolve signature of property decorator when called as an expression.[39m
[31m  Argument of type 'undefined' is not assignable to parameter of type 'Object'.[39m

[31m[7m45[0m     @IsString()[39m
[31m[7m  [0m [91m     ~~~~~~~~~~[0m[39m
[31m[96msrc/modules/auth/auth.validation.ts[0m:[93m46[0m:[93m5[0m - [91merror[0m[90m TS2564: [0mProperty 'businessModel' has no initializer and is not definitely assigned in the constructor.[39m

[31m[7m46[0m     businessModel: string;[39m
[31m[7m  [0m [91m    ~~~~~~~~~~~~~[0m[39m
[31m[96msrc/modules/auth/auth.validation.ts[0m:[93m48[0m:[93m6[0m - [91merror[0m[90m TS1240: [0mUnable to resolve signature of property decorator when called as an expression.[39m
[31m  Argument of type 'undefined' is not assignable to parameter of type 'Object'.[39m

[31m[7m48[0m     @IsNumberString()[39m
[31m[7m  [0m [91m     ~~~~~~~~~~~~~~~~[0m[39m
[31m[96msrc/modules/auth/auth.validation.ts[0m:[93m49[0m:[93m5[0m - [91merror[0m[90m TS2564: [0mProperty 'dealSizeMin' has no initializer and is not definitely assigned in the constructor.[39m

[31m[7m49[0m     dealSizeMin: number;[39m
[31m[7m  [0m [91m    ~~~~~~~~~~~[0m[39m
[31m[96msrc/modules/auth/auth.validation.ts[0m:[93m51[0m:[93m6[0m - [91merror[0m[90m TS1240: [0mUnable to resolve signature of property decorator when called as an expression.[39m
[31m  Argument of type 'undefined' is not assignable to parameter of type 'Object'.[39m

[31m[7m51[0m     @IsNumberString()[39m
[31m[7m  [0m [91m     ~~~~~~~~~~~~~~~~[0m[39m
[31m[96msrc/modules/auth/auth.validation.ts[0m:[93m52[0m:[93m5[0m - [91merror[0m[90m TS2564: [0mProperty 'dealSizeMax' has no initializer and is not definitely assigned in the constructor.[39m

[31m[7m52[0m     dealSizeMax: number;[39m
[31m[7m  [0m [91m    ~~~~~~~~~~~[0m[39m
[31m[96msrc/modules/auth/auth.validation.ts[0m:[93m54[0m:[93m6[0m - [91merror[0m[90m TS1240: [0mUnable to resolve signature of property decorator when called as an expression.[39m
[31m  Argument of type 'undefined' is not assignable to parameter of type 'Object'.[39m

[31m[7m54[0m     @IsBooleanString()[39m
[31m[7m  [0m [91m     ~~~~~~~~~~~~~~~~~[0m[39m
[31m[96msrc/modules/auth/auth.validation.ts[0m:[93m55[0m:[93m5[0m - [91merror[0m[90m TS2564: [0mProperty 'financeRequired' has no initializer and is not definitely assigned in the constructor.[39m

[31m[7m55[0m     financeRequired: boolean;[39m
[31m[7m  [0m [91m    ~~~~~~~~~~~~~~~[0m[39m
[31m[96msrc/modules/auth/auth.validation.ts[0m:[93m57[0m:[93m6[0m - [91merror[0m[90m TS1240: [0mUnable to resolve signature of property decorator when called as an expression.[39m
[31m  Argument of type 'undefined' is not assignable to parameter of type 'Object'.[39m

[31m[7m57[0m     @IsString()[39m
[31m[7m  [0m [91m     ~~~~~~~~~~[0m[39m
[31m[96msrc/modules/auth/auth.validation.ts[0m:[93m58[0m:[93m5[0m - [91merror[0m[90m TS2564: [0mProperty 'aboutCompany' has no initializer and is not definitely assigned in the constructor.[39m

[31m[7m58[0m     aboutCompany: string[39m
[31m[7m  [0m [91m    ~~~~~~~~~~~~[0m[39m
[31m[96msrc/modules/auth/auth.validation.ts[0m:[93m62[0m:[93m6[0m - [91merror[0m[90m TS1240: [0mUnable to resolve signature of property decorator when called as an expression.[39m
[31m  Argument of type 'undefined' is not assignable to parameter of type 'Object'.[39m

[31m[7m62[0m     @IsString()[39m
[31m[7m  [0m [91m     ~~~~~~~~~~[0m[39m
[31m[96msrc/modules/auth/auth.validation.ts[0m:[93m63[0m:[93m5[0m - [91merror[0m[90m TS2564: [0mProperty 'token' has no initializer and is not definitely assigned in the constructor.[39m

[31m[7m63[0m     token:string;[39m
[31m[7m  [0m [91m    ~~~~~[0m[39m
[31m[96msrc/modules/auth/auth.validation.ts[0m:[93m65[0m:[93m6[0m - [91merror[0m[90m TS1240: [0mUnable to resolve signature of property decorator when called as an expression.[39m
[31m  Argument of type 'undefined' is not assignable to parameter of type 'Object'.[39m

[31m[7m65[0m     @IsString()[39m
[31m[7m  [0m [91m     ~~~~~~~~~~[0m[39m
[31m[96msrc/modules/auth/auth.validation.ts[0m:[93m66[0m:[93m5[0m - [91merror[0m[90m TS2564: [0mProperty 'password' has no initializer and is not definitely assigned in the constructor.[39m

[31m[7m66[0m     password: string;[39m
[31m[7m  [0m [91m    ~~~~~~~~[0m[39m
[31m[96msrc/modules/auth/auth.validation.ts[0m:[93m68[0m:[93m6[0m - [91merror[0m[90m TS1240: [0mUnable to resolve signature of property decorator when called as an expression.[39m
[31m  Argument of type 'undefined' is not assignable to parameter of type 'Object'.[39m

[31m[7m68[0m     @IsString()[39m
[31m[7m  [0m [91m     ~~~~~~~~~~[0m[39m
[31m[96msrc/modules/auth/auth.validation.ts[0m:[93m69[0m:[93m5[0m - [91merror[0m[90m TS2564: [0mProperty 'confirmPasswor' has no initializer and is not definitely assigned in the constructor.[39m

[31m[7m69[0m     confirmPasswor: string;[39m
[31m[7m  [0m [91m    ~~~~~~~~~~~~~~[0m[39m
[31m[96msrc/modules/auth/auth.validation.ts[0m:[93m74[0m:[93m6[0m - [91merror[0m[90m TS1240: [0mUnable to resolve signature of property decorator when called as an expression.[39m
[31m  Argument of type 'undefined' is not assignable to parameter of type 'Object'.[39m

[31m[7m74[0m     @IsString()[39m
[31m[7m  [0m [91m     ~~~~~~~~~~[0m[39m
[31m[96msrc/modules/auth/auth.validation.ts[0m:[93m75[0m:[93m5[0m - [91merror[0m[90m TS2564: [0mProperty 'refreshToken' has no initializer and is not definitely assigned in the constructor.[39m

[31m[7m75[0m     refreshToken: string[39m
[31m[7m  [0m [91m    ~~~~~~~~~~~~[0m[39m

[31m    at createTSError (C:\Users\KUYE_HARRY\AppData\Roaming\npm\node_modules\ts-node\src\index.ts:859:12)[39m
[31m    at reportTSError (C:\Users\KUYE_HARRY\AppData\Roaming\npm\node_modules\ts-node\src\index.ts:863:19)[39m
[31m    at getOutput (C:\Users\KUYE_HARRY\AppData\Roaming\npm\node_modules\ts-node\src\index.ts:1077:36)[39m
[31m    at Object.compile (C:\Users\KUYE_HARRY\AppData\Roaming\npm\node_modules\ts-node\src\index.ts:1433:41)[39m
[31m    at Module.m._compile (C:\Users\KUYE_HARRY\AppData\Roaming\npm\node_modules\ts-node\src\index.ts:1617:30)[39m
[31m    at Module._extensions..js (node:internal/modules/cjs/loader:1213:10)[39m
[31m    at Object.require.extensions.<computed> [as .ts] (C:\Users\KUYE_HARRY\AppData\Roaming\npm\node_modules\ts-node\src\index.ts:1621:12)[39m
[31m    at Module.load (node:internal/modules/cjs/loader:1037:32)[39m
[31m    at Function.Module._load (node:internal/modules/cjs/loader:878:12)[39m
[31m    at Module.require (node:internal/modules/cjs/loader:1061:19)[39m
2023-05-19 21:05:47 [31merror[39m: [31muncaughtException: ⨯ Unable to compile TypeScript:[39m
[31m[96msrc/modules/auth/auth.validation.ts[0m:[93m5[0m:[93m6[0m - [91merror[0m[90m TS1240: [0mUnable to resolve signature of property decorator when called as an expression.[39m
[31m  Argument of type 'undefined' is not assignable to parameter of type 'Object'.[39m

[31m[7m5[0m     @IsEmail()[39m
[31m[7m [0m [91m     ~~~~~~~~~[0m[39m
[31m[96msrc/modules/auth/auth.validation.ts[0m:[93m6[0m:[93m5[0m - [91merror[0m[90m TS2564: [0mProperty 'email' has no initializer and is not definitely assigned in the constructor.[39m

[31m[7m6[0m     email: string;[39m
[31m[7m [0m [91m    ~~~~~[0m[39m
[31m[96msrc/modules/auth/auth.validation.ts[0m:[93m8[0m:[93m6[0m - [91merror[0m[90m TS1240: [0mUnable to resolve signature of property decorator when called as an expression.[39m
[31m  Argument of type 'undefined' is not assignable to parameter of type 'Object'.[39m

[31m[7m8[0m     @IsString()[39m
[31m[7m [0m [91m     ~~~~~~~~~~[0m[39m
[31m[96msrc/modules/auth/auth.validation.ts[0m:[93m9[0m:[93m5[0m - [91merror[0m[90m TS2564: [0mProperty 'password' has no initializer and is not definitely assigned in the constructor.[39m

[31m[7m9[0m     password: string;[39m
[31m[7m [0m [91m    ~~~~~~~~[0m[39m
[31m[96msrc/modules/auth/auth.validation.ts[0m:[93m13[0m:[93m6[0m - [91merror[0m[90m TS1240: [0mUnable to resolve signature of property decorator when called as an expression.[39m
[31m  Argument of type 'undefined' is not assignable to parameter of type 'Object'.[39m

[31m[7m13[0m     @IsString()[39m
[31m[7m  [0m [91m     ~~~~~~~~~~[0m[39m
[31m[96msrc/modules/auth/auth.validation.ts[0m:[93m14[0m:[93m5[0m - [91merror[0m[90m TS2564: [0mProperty 'fullname' has no initializer and is not definitely assigned in the constructor.[39m

[31m[7m14[0m     fullname: string;[39m
[31m[7m  [0m [91m    ~~~~~~~~[0m[39m
[31m[96msrc/modules/auth/auth.validation.ts[0m:[93m16[0m:[93m6[0m - [91merror[0m[90m TS1240: [0mUnable to resolve signature of property decorator when called as an expression.[39m
[31m  Argument of type 'undefined' is not assignable to parameter of type 'Object'.[39m

[31m[7m16[0m     @IsString()[39m
[31m[7m  [0m [91m     ~~~~~~~~~~[0m[39m
[31m[96msrc/modules/auth/auth.validation.ts[0m:[93m17[0m:[93m5[0m - [91merror[0m[90m TS2564: [0mProperty 'company' has no initializer and is not definitely assigned in the constructor.[39m

[31m[7m17[0m     company: string;[39m
[31m[7m  [0m [91m    ~~~~~~~[0m[39m
[31m[96msrc/modules/auth/auth.validation.ts[0m:[93m19[0m:[93m6[0m - [91merror[0m[90m TS1240: [0mUnable to resolve signature of property decorator when called as an expression.[39m
[31m  Argument of type 'undefined' is not assignable to parameter of type 'Object'.[39m

[31m[7m19[0m     @IsEmail()[39m
[31m[7m  [0m [91m     ~~~~~~~~~[0m[39m
[31m[96msrc/modules/auth/auth.validation.ts[0m:[93m20[0m:[93m5[0m - [91merror[0m[90m TS2564: [0mProperty 'email' has no initializer and is not definitely assigned in the constructor.[39m

[31m[7m20[0m     email: string;[39m
[31m[7m  [0m [91m    ~~~~~[0m[39m
[31m[96msrc/modules/auth/auth.validation.ts[0m:[93m22[0m:[93m6[0m - [91merror[0m[90m TS1240: [0mUnable to resolve signature of property decorator when called as an expression.[39m
[31m  Argument of type 'undefined' is not assignable to parameter of type 'Object'.[39m

[31m[7m22[0m     @IsPhoneNumber()[39m
[31m[7m  [0m [91m     ~~~~~~~~~~~~~~~[0m[39m
[31m[96msrc/modules/auth/auth.validation.ts[0m:[93m23[0m:[93m5[0m - [91merror[0m[90m TS2564: [0mProperty 'contact' has no initializer and is not definitely assigned in the constructor.[39m

[31m[7m23[0m     contact: string;[39m
[31m[7m  [0m [91m    ~~~~~~~[0m[39m
[31m[96msrc/modules/auth/auth.validation.ts[0m:[93m25[0m:[93m6[0m - [91merror[0m[90m TS1240: [0mUnable to resolve signature of property decorator when called as an expression.[39m
[31m  Argument of type 'undefined' is not assignable to parameter of type 'Object'.[39m

[31m[7m25[0m     @IsString()[39m
[31m[7m  [0m [91m     ~~~~~~~~~~[0m[39m
[31m[96msrc/modules/auth/auth.validation.ts[0m:[93m26[0m:[93m5[0m - [91merror[0m[90m TS2564: [0mProperty 'referal' has no initializer and is not definitely assigned in the constructor.[39m

[31m[7m26[0m     referal: string;[39m
[31m[7m  [0m [91m    ~~~~~~~[0m[39m
[31m[96msrc/modules/auth/auth.validation.ts[0m:[93m28[0m:[93m6[0m - [91merror[0m[90m TS1240: [0mUnable to resolve signature of property decorator when called as an expression.[39m
[31m  Argument of type 'undefined' is not assignable to parameter of type 'Object'.[39m

[31m[7m28[0m     @IsString()[39m
[31m[7m  [0m [91m     ~~~~~~~~~~[0m[39m
[31m[96msrc/modules/auth/auth.validation.ts[0m:[93m29[0m:[93m5[0m - [91merror[0m[90m TS2564: [0mProperty 'purpose' has no initializer and is not definitely assigned in the constructor.[39m

[31m[7m29[0m     purpose: string;[39m
[31m[7m  [0m [91m    ~~~~~~~[0m[39m
[31m[96msrc/modules/auth/auth.validation.ts[0m:[93m31[0m:[93m6[0m - [91merror[0m[90m TS1240: [0mUnable to resolve signature of property decorator when called as an expression.[39m
[31m  Argument of type 'undefined' is not assignable to parameter of type 'Object'.[39m

[31m[7m31[0m     @IsString()[39m
[31m[7m  [0m [91m     ~~~~~~~~~~[0m[39m
[31m[96msrc/modules/auth/auth.validation.ts[0m:[93m32[0m:[93m5[0m - [91merror[0m[90m TS2564: [0mProperty 'country' has no initializer and is not definitely assigned in the constructor.[39m

[31m[7m32[0m     country: string;[39m
[31m[7m  [0m [91m    ~~~~~~~[0m[39m
[31m[96msrc/modules/auth/auth.validation.ts[0m:[93m36[0m:[93m6[0m - [91merror[0m[90m TS1240: [0mUnable to resolve signature of property decorator when called as an expression.[39m
[31m  Argument of type 'undefined' is not assignable to parameter of type 'Object'.[39m

[31m[7m36[0m     @IsString()[39m
[31m[7m  [0m [91m     ~~~~~~~~~~[0m[39m
[31m[96msrc/modules/auth/auth.validation.ts[0m:[93m37[0m:[93m5[0m - [91merror[0m[90m TS2564: [0mProperty 'category' has no initializer and is not definitely assigned in the constructor.[39m

[31m[7m37[0m     category: string;[39m
[31m[7m  [0m [91m    ~~~~~~~~[0m[39m
[31m[96msrc/modules/auth/auth.validation.ts[0m:[93m39[0m:[93m6[0m - [91merror[0m[90m TS1240: [0mUnable to resolve signature of property decorator when called as an expression.[39m
[31m  Argument of type 'undefined' is not assignable to parameter of type 'Object'.[39m

[31m[7m39[0m     @IsNumberString()[39m
[31m[7m  [0m [91m     ~~~~~~~~~~~~~~~~[0m[39m
[31m[96msrc/modules/auth/auth.validation.ts[0m:[93m40[0m:[93m5[0m - [91merror[0m[90m TS2564: [0mProperty 'businessNo' has no initializer and is not definitely assigned in the constructor.[39m

[31m[7m40[0m     businessNo: number;[39m
[31m[7m  [0m [91m    ~~~~~~~~~~[0m[39m
[31m[96msrc/modules/auth/auth.validation.ts[0m:[93m42[0m:[93m6[0m - [91merror[0m[90m TS1240: [0mUnable to resolve signature of property decorator when called as an expression.[39m
[31m  Argument of type 'undefined' is not assignable to parameter of type 'Object'.[39m

[31m[7m42[0m     @IsString()[39m
[31m[7m  [0m [91m     ~~~~~~~~~~[0m[39m
[31m[96msrc/modules/auth/auth.validation.ts[0m:[93m43[0m:[93m5[0m - [91merror[0m[90m TS2564: [0mProperty 'businessCategory' has no initializer and is not definitely assigned in the constructor.[39m

[31m[7m43[0m     businessCategory: string;[39m
[31m[7m  [0m [91m    ~~~~~~~~~~~~~~~~[0m[39m
[31m[96msrc/modules/auth/auth.validation.ts[0m:[93m45[0m:[93m6[0m - [91merror[0m[90m TS1240: [0mUnable to resolve signature of property decorator when called as an expression.[39m
[31m  Argument of type 'undefined' is not assignable to parameter of type 'Object'.[39m

[31m[7m45[0m     @IsString()[39m
[31m[7m  [0m [91m     ~~~~~~~~~~[0m[39m
[31m[96msrc/modules/auth/auth.validation.ts[0m:[93m46[0m:[93m5[0m - [91merror[0m[90m TS2564: [0mProperty 'businessModel' has no initializer and is not definitely assigned in the constructor.[39m

[31m[7m46[0m     businessModel: string;[39m
[31m[7m  [0m [91m    ~~~~~~~~~~~~~[0m[39m
[31m[96msrc/modules/auth/auth.validation.ts[0m:[93m48[0m:[93m6[0m - [91merror[0m[90m TS1240: [0mUnable to resolve signature of property decorator when called as an expression.[39m
[31m  Argument of type 'undefined' is not assignable to parameter of type 'Object'.[39m

[31m[7m48[0m     @IsNumberString()[39m
[31m[7m  [0m [91m     ~~~~~~~~~~~~~~~~[0m[39m
[31m[96msrc/modules/auth/auth.validation.ts[0m:[93m49[0m:[93m5[0m - [91merror[0m[90m TS2564: [0mProperty 'dealSizeMin' has no initializer and is not definitely assigned in the constructor.[39m

[31m[7m49[0m     dealSizeMin: number;[39m
[31m[7m  [0m [91m    ~~~~~~~~~~~[0m[39m
[31m[96msrc/modules/auth/auth.validation.ts[0m:[93m51[0m:[93m6[0m - [91merror[0m[90m TS1240: [0mUnable to resolve signature of property decorator when called as an expression.[39m
[31m  Argument of type 'undefined' is not assignable to parameter of type 'Object'.[39m

[31m[7m51[0m     @IsNumberString()[39m
[31m[7m  [0m [91m     ~~~~~~~~~~~~~~~~[0m[39m
[31m[96msrc/modules/auth/auth.validation.ts[0m:[93m52[0m:[93m5[0m - [91merror[0m[90m TS2564: [0mProperty 'dealSizeMax' has no initializer and is not definitely assigned in the constructor.[39m

[31m[7m52[0m     dealSizeMax: number;[39m
[31m[7m  [0m [91m    ~~~~~~~~~~~[0m[39m
[31m[96msrc/modules/auth/auth.validation.ts[0m:[93m54[0m:[93m6[0m - [91merror[0m[90m TS1240: [0mUnable to resolve signature of property decorator when called as an expression.[39m
[31m  Argument of type 'undefined' is not assignable to parameter of type 'Object'.[39m

[31m[7m54[0m     @IsBooleanString()[39m
[31m[7m  [0m [91m     ~~~~~~~~~~~~~~~~~[0m[39m
[31m[96msrc/modules/auth/auth.validation.ts[0m:[93m55[0m:[93m5[0m - [91merror[0m[90m TS2564: [0mProperty 'financeRequired' has no initializer and is not definitely assigned in the constructor.[39m

[31m[7m55[0m     financeRequired: boolean;[39m
[31m[7m  [0m [91m    ~~~~~~~~~~~~~~~[0m[39m
[31m[96msrc/modules/auth/auth.validation.ts[0m:[93m57[0m:[93m6[0m - [91merror[0m[90m TS1240: [0mUnable to resolve signature of property decorator when called as an expression.[39m
[31m  Argument of type 'undefined' is not assignable to parameter of type 'Object'.[39m

[31m[7m57[0m     @IsString()[39m
[31m[7m  [0m [91m     ~~~~~~~~~~[0m[39m
[31m[96msrc/modules/auth/auth.validation.ts[0m:[93m58[0m:[93m5[0m - [91merror[0m[90m TS2564: [0mProperty 'aboutCompany' has no initializer and is not definitely assigned in the constructor.[39m

[31m[7m58[0m     aboutCompany: string[39m
[31m[7m  [0m [91m    ~~~~~~~~~~~~[0m[39m
[31m[96msrc/modules/auth/auth.validation.ts[0m:[93m62[0m:[93m6[0m - [91merror[0m[90m TS1240: [0mUnable to resolve signature of property decorator when called as an expression.[39m
[31m  Argument of type 'undefined' is not assignable to parameter of type 'Object'.[39m

[31m[7m62[0m     @IsString()[39m
[31m[7m  [0m [91m     ~~~~~~~~~~[0m[39m
[31m[96msrc/modules/auth/auth.validation.ts[0m:[93m63[0m:[93m5[0m - [91merror[0m[90m TS2564: [0mProperty 'token' has no initializer and is not definitely assigned in the constructor.[39m

[31m[7m63[0m     token:string;[39m
[31m[7m  [0m [91m    ~~~~~[0m[39m
[31m[96msrc/modules/auth/auth.validation.ts[0m:[93m65[0m:[93m6[0m - [91merror[0m[90m TS1240: [0mUnable to resolve signature of property decorator when called as an expression.[39m
[31m  Argument of type 'undefined' is not assignable to parameter of type 'Object'.[39m

[31m[7m65[0m     @IsString()[39m
[31m[7m  [0m [91m     ~~~~~~~~~~[0m[39m
[31m[96msrc/modules/auth/auth.validation.ts[0m:[93m66[0m:[93m5[0m - [91merror[0m[90m TS2564: [0mProperty 'password' has no initializer and is not definitely assigned in the constructor.[39m

[31m[7m66[0m     password: string;[39m
[31m[7m  [0m [91m    ~~~~~~~~[0m[39m
[31m[96msrc/modules/auth/auth.validation.ts[0m:[93m68[0m:[93m6[0m - [91merror[0m[90m TS1240: [0mUnable to resolve signature of property decorator when called as an expression.[39m
[31m  Argument of type 'undefined' is not assignable to parameter of type 'Object'.[39m

[31m[7m68[0m     @IsString()[39m
[31m[7m  [0m [91m     ~~~~~~~~~~[0m[39m
[31m[96msrc/modules/auth/auth.validation.ts[0m:[93m69[0m:[93m5[0m - [91merror[0m[90m TS2564: [0mProperty 'confirmPasswor' has no initializer and is not definitely assigned in the constructor.[39m

[31m[7m69[0m     confirmPasswor: string;[39m
[31m[7m  [0m [91m    ~~~~~~~~~~~~~~[0m[39m
[31m[96msrc/modules/auth/auth.validation.ts[0m:[93m74[0m:[93m6[0m - [91merror[0m[90m TS1240: [0mUnable to resolve signature of property decorator when called as an expression.[39m
[31m  Argument of type 'undefined' is not assignable to parameter of type 'Object'.[39m

[31m[7m74[0m     @IsString()[39m
[31m[7m  [0m [91m     ~~~~~~~~~~[0m[39m
[31m[96msrc/modules/auth/auth.validation.ts[0m:[93m75[0m:[93m5[0m - [91merror[0m[90m TS2564: [0mProperty 'refreshToken' has no initializer and is not definitely assigned in the constructor.[39m

[31m[7m75[0m     refreshToken: string[39m
[31m[7m  [0m [91m    ~~~~~~~~~~~~[0m[39m

[31mTSError: ⨯ Unable to compile TypeScript:[39m
[31m[96msrc/modules/auth/auth.validation.ts[0m:[93m5[0m:[93m6[0m - [91merror[0m[90m TS1240: [0mUnable to resolve signature of property decorator when called as an expression.[39m
[31m  Argument of type 'undefined' is not assignable to parameter of type 'Object'.[39m

[31m[7m5[0m     @IsEmail()[39m
[31m[7m [0m [91m     ~~~~~~~~~[0m[39m
[31m[96msrc/modules/auth/auth.validation.ts[0m:[93m6[0m:[93m5[0m - [91merror[0m[90m TS2564: [0mProperty 'email' has no initializer and is not definitely assigned in the constructor.[39m

[31m[7m6[0m     email: string;[39m
[31m[7m [0m [91m    ~~~~~[0m[39m
[31m[96msrc/modules/auth/auth.validation.ts[0m:[93m8[0m:[93m6[0m - [91merror[0m[90m TS1240: [0mUnable to resolve signature of property decorator when called as an expression.[39m
[31m  Argument of type 'undefined' is not assignable to parameter of type 'Object'.[39m

[31m[7m8[0m     @IsString()[39m
[31m[7m [0m [91m     ~~~~~~~~~~[0m[39m
[31m[96msrc/modules/auth/auth.validation.ts[0m:[93m9[0m:[93m5[0m - [91merror[0m[90m TS2564: [0mProperty 'password' has no initializer and is not definitely assigned in the constructor.[39m

[31m[7m9[0m     password: string;[39m
[31m[7m [0m [91m    ~~~~~~~~[0m[39m
[31m[96msrc/modules/auth/auth.validation.ts[0m:[93m13[0m:[93m6[0m - [91merror[0m[90m TS1240: [0mUnable to resolve signature of property decorator when called as an expression.[39m
[31m  Argument of type 'undefined' is not assignable to parameter of type 'Object'.[39m

[31m[7m13[0m     @IsString()[39m
[31m[7m  [0m [91m     ~~~~~~~~~~[0m[39m
[31m[96msrc/modules/auth/auth.validation.ts[0m:[93m14[0m:[93m5[0m - [91merror[0m[90m TS2564: [0mProperty 'fullname' has no initializer and is not definitely assigned in the constructor.[39m

[31m[7m14[0m     fullname: string;[39m
[31m[7m  [0m [91m    ~~~~~~~~[0m[39m
[31m[96msrc/modules/auth/auth.validation.ts[0m:[93m16[0m:[93m6[0m - [91merror[0m[90m TS1240: [0mUnable to resolve signature of property decorator when called as an expression.[39m
[31m  Argument of type 'undefined' is not assignable to parameter of type 'Object'.[39m

[31m[7m16[0m     @IsString()[39m
[31m[7m  [0m [91m     ~~~~~~~~~~[0m[39m
[31m[96msrc/modules/auth/auth.validation.ts[0m:[93m17[0m:[93m5[0m - [91merror[0m[90m TS2564: [0mProperty 'company' has no initializer and is not definitely assigned in the constructor.[39m

[31m[7m17[0m     company: string;[39m
[31m[7m  [0m [91m    ~~~~~~~[0m[39m
[31m[96msrc/modules/auth/auth.validation.ts[0m:[93m19[0m:[93m6[0m - [91merror[0m[90m TS1240: [0mUnable to resolve signature of property decorator when called as an expression.[39m
[31m  Argument of type 'undefined' is not assignable to parameter of type 'Object'.[39m

[31m[7m19[0m     @IsEmail()[39m
[31m[7m  [0m [91m     ~~~~~~~~~[0m[39m
[31m[96msrc/modules/auth/auth.validation.ts[0m:[93m20[0m:[93m5[0m - [91merror[0m[90m TS2564: [0mProperty 'email' has no initializer and is not definitely assigned in the constructor.[39m

[31m[7m20[0m     email: string;[39m
[31m[7m  [0m [91m    ~~~~~[0m[39m
[31m[96msrc/modules/auth/auth.validation.ts[0m:[93m22[0m:[93m6[0m - [91merror[0m[90m TS1240: [0mUnable to resolve signature of property decorator when called as an expression.[39m
[31m  Argument of type 'undefined' is not assignable to parameter of type 'Object'.[39m

[31m[7m22[0m     @IsPhoneNumber()[39m
[31m[7m  [0m [91m     ~~~~~~~~~~~~~~~[0m[39m
[31m[96msrc/modules/auth/auth.validation.ts[0m:[93m23[0m:[93m5[0m - [91merror[0m[90m TS2564: [0mProperty 'contact' has no initializer and is not definitely assigned in the constructor.[39m

[31m[7m23[0m     contact: string;[39m
[31m[7m  [0m [91m    ~~~~~~~[0m[39m
[31m[96msrc/modules/auth/auth.validation.ts[0m:[93m25[0m:[93m6[0m - [91merror[0m[90m TS1240: [0mUnable to resolve signature of property decorator when called as an expression.[39m
[31m  Argument of type 'undefined' is not assignable to parameter of type 'Object'.[39m

[31m[7m25[0m     @IsString()[39m
[31m[7m  [0m [91m     ~~~~~~~~~~[0m[39m
[31m[96msrc/modules/auth/auth.validation.ts[0m:[93m26[0m:[93m5[0m - [91merror[0m[90m TS2564: [0mProperty 'referal' has no initializer and is not definitely assigned in the constructor.[39m

[31m[7m26[0m     referal: string;[39m
[31m[7m  [0m [91m    ~~~~~~~[0m[39m
[31m[96msrc/modules/auth/auth.validation.ts[0m:[93m28[0m:[93m6[0m - [91merror[0m[90m TS1240: [0mUnable to resolve signature of property decorator when called as an expression.[39m
[31m  Argument of type 'undefined' is not assignable to parameter of type 'Object'.[39m

[31m[7m28[0m     @IsString()[39m
[31m[7m  [0m [91m     ~~~~~~~~~~[0m[39m
[31m[96msrc/modules/auth/auth.validation.ts[0m:[93m29[0m:[93m5[0m - [91merror[0m[90m TS2564: [0mProperty 'purpose' has no initializer and is not definitely assigned in the constructor.[39m

[31m[7m29[0m     purpose: string;[39m
[31m[7m  [0m [91m    ~~~~~~~[0m[39m
[31m[96msrc/modules/auth/auth.validation.ts[0m:[93m31[0m:[93m6[0m - [91merror[0m[90m TS1240: [0mUnable to resolve signature of property decorator when called as an expression.[39m
[31m  Argument of type 'undefined' is not assignable to parameter of type 'Object'.[39m

[31m[7m31[0m     @IsString()[39m
[31m[7m  [0m [91m     ~~~~~~~~~~[0m[39m
[31m[96msrc/modules/auth/auth.validation.ts[0m:[93m32[0m:[93m5[0m - [91merror[0m[90m TS2564: [0mProperty 'country' has no initializer and is not definitely assigned in the constructor.[39m

[31m[7m32[0m     country: string;[39m
[31m[7m  [0m [91m    ~~~~~~~[0m[39m
[31m[96msrc/modules/auth/auth.validation.ts[0m:[93m36[0m:[93m6[0m - [91merror[0m[90m TS1240: [0mUnable to resolve signature of property decorator when called as an expression.[39m
[31m  Argument of type 'undefined' is not assignable to parameter of type 'Object'.[39m

[31m[7m36[0m     @IsString()[39m
[31m[7m  [0m [91m     ~~~~~~~~~~[0m[39m
[31m[96msrc/modules/auth/auth.validation.ts[0m:[93m37[0m:[93m5[0m - [91merror[0m[90m TS2564: [0mProperty 'category' has no initializer and is not definitely assigned in the constructor.[39m

[31m[7m37[0m     category: string;[39m
[31m[7m  [0m [91m    ~~~~~~~~[0m[39m
[31m[96msrc/modules/auth/auth.validation.ts[0m:[93m39[0m:[93m6[0m - [91merror[0m[90m TS1240: [0mUnable to resolve signature of property decorator when called as an expression.[39m
[31m  Argument of type 'undefined' is not assignable to parameter of type 'Object'.[39m

[31m[7m39[0m     @IsNumberString()[39m
[31m[7m  [0m [91m     ~~~~~~~~~~~~~~~~[0m[39m
[31m[96msrc/modules/auth/auth.validation.ts[0m:[93m40[0m:[93m5[0m - [91merror[0m[90m TS2564: [0mProperty 'businessNo' has no initializer and is not definitely assigned in the constructor.[39m

[31m[7m40[0m     businessNo: number;[39m
[31m[7m  [0m [91m    ~~~~~~~~~~[0m[39m
[31m[96msrc/modules/auth/auth.validation.ts[0m:[93m42[0m:[93m6[0m - [91merror[0m[90m TS1240: [0mUnable to resolve signature of property decorator when called as an expression.[39m
[31m  Argument of type 'undefined' is not assignable to parameter of type 'Object'.[39m

[31m[7m42[0m     @IsString()[39m
[31m[7m  [0m [91m     ~~~~~~~~~~[0m[39m
[31m[96msrc/modules/auth/auth.validation.ts[0m:[93m43[0m:[93m5[0m - [91merror[0m[90m TS2564: [0mProperty 'businessCategory' has no initializer and is not definitely assigned in the constructor.[39m

[31m[7m43[0m     businessCategory: string;[39m
[31m[7m  [0m [91m    ~~~~~~~~~~~~~~~~[0m[39m
[31m[96msrc/modules/auth/auth.validation.ts[0m:[93m45[0m:[93m6[0m - [91merror[0m[90m TS1240: [0mUnable to resolve signature of property decorator when called as an expression.[39m
[31m  Argument of type 'undefined' is not assignable to parameter of type 'Object'.[39m

[31m[7m45[0m     @IsString()[39m
[31m[7m  [0m [91m     ~~~~~~~~~~[0m[39m
[31m[96msrc/modules/auth/auth.validation.ts[0m:[93m46[0m:[93m5[0m - [91merror[0m[90m TS2564: [0mProperty 'businessModel' has no initializer and is not definitely assigned in the constructor.[39m

[31m[7m46[0m     businessModel: string;[39m
[31m[7m  [0m [91m    ~~~~~~~~~~~~~[0m[39m
[31m[96msrc/modules/auth/auth.validation.ts[0m:[93m48[0m:[93m6[0m - [91merror[0m[90m TS1240: [0mUnable to resolve signature of property decorator when called as an expression.[39m
[31m  Argument of type 'undefined' is not assignable to parameter of type 'Object'.[39m

[31m[7m48[0m     @IsNumberString()[39m
[31m[7m  [0m [91m     ~~~~~~~~~~~~~~~~[0m[39m
[31m[96msrc/modules/auth/auth.validation.ts[0m:[93m49[0m:[93m5[0m - [91merror[0m[90m TS2564: [0mProperty 'dealSizeMin' has no initializer and is not definitely assigned in the constructor.[39m

[31m[7m49[0m     dealSizeMin: number;[39m
[31m[7m  [0m [91m    ~~~~~~~~~~~[0m[39m
[31m[96msrc/modules/auth/auth.validation.ts[0m:[93m51[0m:[93m6[0m - [91merror[0m[90m TS1240: [0mUnable to resolve signature of property decorator when called as an expression.[39m
[31m  Argument of type 'undefined' is not assignable to parameter of type 'Object'.[39m

[31m[7m51[0m     @IsNumberString()[39m
[31m[7m  [0m [91m     ~~~~~~~~~~~~~~~~[0m[39m
[31m[96msrc/modules/auth/auth.validation.ts[0m:[93m52[0m:[93m5[0m - [91merror[0m[90m TS2564: [0mProperty 'dealSizeMax' has no initializer and is not definitely assigned in the constructor.[39m

[31m[7m52[0m     dealSizeMax: number;[39m
[31m[7m  [0m [91m    ~~~~~~~~~~~[0m[39m
[31m[96msrc/modules/auth/auth.validation.ts[0m:[93m54[0m:[93m6[0m - [91merror[0m[90m TS1240: [0mUnable to resolve signature of property decorator when called as an expression.[39m
[31m  Argument of type 'undefined' is not assignable to parameter of type 'Object'.[39m

[31m[7m54[0m     @IsBooleanString()[39m
[31m[7m  [0m [91m     ~~~~~~~~~~~~~~~~~[0m[39m
[31m[96msrc/modules/auth/auth.validation.ts[0m:[93m55[0m:[93m5[0m - [91merror[0m[90m TS2564: [0mProperty 'financeRequired' has no initializer and is not definitely assigned in the constructor.[39m

[31m[7m55[0m     financeRequired: boolean;[39m
[31m[7m  [0m [91m    ~~~~~~~~~~~~~~~[0m[39m
[31m[96msrc/modules/auth/auth.validation.ts[0m:[93m57[0m:[93m6[0m - [91merror[0m[90m TS1240: [0mUnable to resolve signature of property decorator when called as an expression.[39m
[31m  Argument of type 'undefined' is not assignable to parameter of type 'Object'.[39m

[31m[7m57[0m     @IsString()[39m
[31m[7m  [0m [91m     ~~~~~~~~~~[0m[39m
[31m[96msrc/modules/auth/auth.validation.ts[0m:[93m58[0m:[93m5[0m - [91merror[0m[90m TS2564: [0mProperty 'aboutCompany' has no initializer and is not definitely assigned in the constructor.[39m

[31m[7m58[0m     aboutCompany: string[39m
[31m[7m  [0m [91m    ~~~~~~~~~~~~[0m[39m
[31m[96msrc/modules/auth/auth.validation.ts[0m:[93m62[0m:[93m6[0m - [91merror[0m[90m TS1240: [0mUnable to resolve signature of property decorator when called as an expression.[39m
[31m  Argument of type 'undefined' is not assignable to parameter of type 'Object'.[39m

[31m[7m62[0m     @IsString()[39m
[31m[7m  [0m [91m     ~~~~~~~~~~[0m[39m
[31m[96msrc/modules/auth/auth.validation.ts[0m:[93m63[0m:[93m5[0m - [91merror[0m[90m TS2564: [0mProperty 'token' has no initializer and is not definitely assigned in the constructor.[39m

[31m[7m63[0m     token:string;[39m
[31m[7m  [0m [91m    ~~~~~[0m[39m
[31m[96msrc/modules/auth/auth.validation.ts[0m:[93m65[0m:[93m6[0m - [91merror[0m[90m TS1240: [0mUnable to resolve signature of property decorator when called as an expression.[39m
[31m  Argument of type 'undefined' is not assignable to parameter of type 'Object'.[39m

[31m[7m65[0m     @IsString()[39m
[31m[7m  [0m [91m     ~~~~~~~~~~[0m[39m
[31m[96msrc/modules/auth/auth.validation.ts[0m:[93m66[0m:[93m5[0m - [91merror[0m[90m TS2564: [0mProperty 'password' has no initializer and is not definitely assigned in the constructor.[39m

[31m[7m66[0m     password: string;[39m
[31m[7m  [0m [91m    ~~~~~~~~[0m[39m
[31m[96msrc/modules/auth/auth.validation.ts[0m:[93m68[0m:[93m6[0m - [91merror[0m[90m TS1240: [0mUnable to resolve signature of property decorator when called as an expression.[39m
[31m  Argument of type 'undefined' is not assignable to parameter of type 'Object'.[39m

[31m[7m68[0m     @IsString()[39m
[31m[7m  [0m [91m     ~~~~~~~~~~[0m[39m
[31m[96msrc/modules/auth/auth.validation.ts[0m:[93m69[0m:[93m5[0m - [91merror[0m[90m TS2564: [0mProperty 'confirmPasswor' has no initializer and is not definitely assigned in the constructor.[39m

[31m[7m69[0m     confirmPasswor: string;[39m
[31m[7m  [0m [91m    ~~~~~~~~~~~~~~[0m[39m
[31m[96msrc/modules/auth/auth.validation.ts[0m:[93m74[0m:[93m6[0m - [91merror[0m[90m TS1240: [0mUnable to resolve signature of property decorator when called as an expression.[39m
[31m  Argument of type 'undefined' is not assignable to parameter of type 'Object'.[39m

[31m[7m74[0m     @IsString()[39m
[31m[7m  [0m [91m     ~~~~~~~~~~[0m[39m
[31m[96msrc/modules/auth/auth.validation.ts[0m:[93m75[0m:[93m5[0m - [91merror[0m[90m TS2564: [0mProperty 'refreshToken' has no initializer and is not definitely assigned in the constructor.[39m

[31m[7m75[0m     refreshToken: string[39m
[31m[7m  [0m [91m    ~~~~~~~~~~~~[0m[39m

[31m    at createTSError (C:\Users\KUYE_HARRY\AppData\Roaming\npm\node_modules\ts-node\src\index.ts:859:12)[39m
[31m    at reportTSError (C:\Users\KUYE_HARRY\AppData\Roaming\npm\node_modules\ts-node\src\index.ts:863:19)[39m
[31m    at getOutput (C:\Users\KUYE_HARRY\AppData\Roaming\npm\node_modules\ts-node\src\index.ts:1077:36)[39m
[31m    at Object.compile (C:\Users\KUYE_HARRY\AppData\Roaming\npm\node_modules\ts-node\src\index.ts:1433:41)[39m
[31m    at Module.m._compile (C:\Users\KUYE_HARRY\AppData\Roaming\npm\node_modules\ts-node\src\index.ts:1617:30)[39m
[31m    at Module._extensions..js (node:internal/modules/cjs/loader:1213:10)[39m
[31m    at Object.require.extensions.<computed> [as .ts] (C:\Users\KUYE_HARRY\AppData\Roaming\npm\node_modules\ts-node\src\index.ts:1621:12)[39m
[31m    at Module.load (node:internal/modules/cjs/loader:1037:32)[39m
[31m    at Function.Module._load (node:internal/modules/cjs/loader:878:12)[39m
[31m    at Module.require (node:internal/modules/cjs/loader:1061:19)[39m
2023-05-19 21:07:15 [31merror[39m: [31muncaughtException: ⨯ Unable to compile TypeScript:[39m
[31m[96msrc/modules/payment/payment.router.ts[0m:[93m2[0m:[93m31[0m - [91merror[0m[90m TS2306: [0mFile 'C:/Users/KUYE_HARRY/Desktop/COOK/MGXLIFE_BACKEND/src/modules/payment/payment.controller.ts' is not a module.[39m

[31m[7m2[0m import PaymentController from "./payment.controller";[39m
[31m[7m [0m [91m                              ~~~~~~~~~~~~~~~~~~~~~~[0m[39m

[31mTSError: ⨯ Unable to compile TypeScript:[39m
[31m[96msrc/modules/payment/payment.router.ts[0m:[93m2[0m:[93m31[0m - [91merror[0m[90m TS2306: [0mFile 'C:/Users/KUYE_HARRY/Desktop/COOK/MGXLIFE_BACKEND/src/modules/payment/payment.controller.ts' is not a module.[39m

[31m[7m2[0m import PaymentController from "./payment.controller";[39m
[31m[7m [0m [91m                              ~~~~~~~~~~~~~~~~~~~~~~[0m[39m

[31m    at createTSError (C:\Users\KUYE_HARRY\AppData\Roaming\npm\node_modules\ts-node\src\index.ts:859:12)[39m
[31m    at reportTSError (C:\Users\KUYE_HARRY\AppData\Roaming\npm\node_modules\ts-node\src\index.ts:863:19)[39m
[31m    at getOutput (C:\Users\KUYE_HARRY\AppData\Roaming\npm\node_modules\ts-node\src\index.ts:1077:36)[39m
[31m    at Object.compile (C:\Users\KUYE_HARRY\AppData\Roaming\npm\node_modules\ts-node\src\index.ts:1433:41)[39m
[31m    at Module.m._compile (C:\Users\KUYE_HARRY\AppData\Roaming\npm\node_modules\ts-node\src\index.ts:1617:30)[39m
[31m    at Module._extensions..js (node:internal/modules/cjs/loader:1213:10)[39m
[31m    at Object.require.extensions.<computed> [as .ts] (C:\Users\KUYE_HARRY\AppData\Roaming\npm\node_modules\ts-node\src\index.ts:1621:12)[39m
[31m    at Module.load (node:internal/modules/cjs/loader:1037:32)[39m
[31m    at Function.Module._load (node:internal/modules/cjs/loader:878:12)[39m
[31m    at Module.require (node:internal/modules/cjs/loader:1061:19)[39m
2023-05-19 21:07:15 [31merror[39m: [31muncaughtException: ⨯ Unable to compile TypeScript:[39m
[31m[96msrc/modules/payment/payment.router.ts[0m:[93m2[0m:[93m31[0m - [91merror[0m[90m TS2306: [0mFile 'C:/Users/KUYE_HARRY/Desktop/COOK/MGXLIFE_BACKEND/src/modules/payment/payment.controller.ts' is not a module.[39m

[31m[7m2[0m import PaymentController from "./payment.controller";[39m
[31m[7m [0m [91m                              ~~~~~~~~~~~~~~~~~~~~~~[0m[39m

[31mTSError: ⨯ Unable to compile TypeScript:[39m
[31m[96msrc/modules/payment/payment.router.ts[0m:[93m2[0m:[93m31[0m - [91merror[0m[90m TS2306: [0mFile 'C:/Users/KUYE_HARRY/Desktop/COOK/MGXLIFE_BACKEND/src/modules/payment/payment.controller.ts' is not a module.[39m

[31m[7m2[0m import PaymentController from "./payment.controller";[39m
[31m[7m [0m [91m                              ~~~~~~~~~~~~~~~~~~~~~~[0m[39m

[31m    at createTSError (C:\Users\KUYE_HARRY\AppData\Roaming\npm\node_modules\ts-node\src\index.ts:859:12)[39m
[31m    at reportTSError (C:\Users\KUYE_HARRY\AppData\Roaming\npm\node_modules\ts-node\src\index.ts:863:19)[39m
[31m    at getOutput (C:\Users\KUYE_HARRY\AppData\Roaming\npm\node_modules\ts-node\src\index.ts:1077:36)[39m
[31m    at Object.compile (C:\Users\KUYE_HARRY\AppData\Roaming\npm\node_modules\ts-node\src\index.ts:1433:41)[39m
[31m    at Module.m._compile (C:\Users\KUYE_HARRY\AppData\Roaming\npm\node_modules\ts-node\src\index.ts:1617:30)[39m
[31m    at Module._extensions..js (node:internal/modules/cjs/loader:1213:10)[39m
[31m    at Object.require.extensions.<computed> [as .ts] (C:\Users\KUYE_HARRY\AppData\Roaming\npm\node_modules\ts-node\src\index.ts:1621:12)[39m
[31m    at Module.load (node:internal/modules/cjs/loader:1037:32)[39m
[31m    at Function.Module._load (node:internal/modules/cjs/loader:878:12)[39m
[31m    at Module.require (node:internal/modules/cjs/loader:1061:19)[39m
2023-05-19 21:08:00 [31merror[39m: [31muncaughtException: ⨯ Unable to compile TypeScript:[39m
[31m[96msrc/modules/payment/payment.router.ts[0m:[93m2[0m:[93m31[0m - [91merror[0m[90m TS2306: [0mFile 'C:/Users/KUYE_HARRY/Desktop/COOK/MGXLIFE_BACKEND/src/modules/payment/payment.controller.ts' is not a module.[39m

[31m[7m2[0m import PaymentController from "./payment.controller";[39m
[31m[7m [0m [91m                              ~~~~~~~~~~~~~~~~~~~~~~[0m[39m

[31mTSError: ⨯ Unable to compile TypeScript:[39m
[31m[96msrc/modules/payment/payment.router.ts[0m:[93m2[0m:[93m31[0m - [91merror[0m[90m TS2306: [0mFile 'C:/Users/KUYE_HARRY/Desktop/COOK/MGXLIFE_BACKEND/src/modules/payment/payment.controller.ts' is not a module.[39m

[31m[7m2[0m import PaymentController from "./payment.controller";[39m
[31m[7m [0m [91m                              ~~~~~~~~~~~~~~~~~~~~~~[0m[39m

[31m    at createTSError (C:\Users\KUYE_HARRY\AppData\Roaming\npm\node_modules\ts-node\src\index.ts:859:12)[39m
[31m    at reportTSError (C:\Users\KUYE_HARRY\AppData\Roaming\npm\node_modules\ts-node\src\index.ts:863:19)[39m
[31m    at getOutput (C:\Users\KUYE_HARRY\AppData\Roaming\npm\node_modules\ts-node\src\index.ts:1077:36)[39m
[31m    at Object.compile (C:\Users\KUYE_HARRY\AppData\Roaming\npm\node_modules\ts-node\src\index.ts:1433:41)[39m
[31m    at Module.m._compile (C:\Users\KUYE_HARRY\AppData\Roaming\npm\node_modules\ts-node\src\index.ts:1617:30)[39m
[31m    at Module._extensions..js (node:internal/modules/cjs/loader:1213:10)[39m
[31m    at Object.require.extensions.<computed> [as .ts] (C:\Users\KUYE_HARRY\AppData\Roaming\npm\node_modules\ts-node\src\index.ts:1621:12)[39m
[31m    at Module.load (node:internal/modules/cjs/loader:1037:32)[39m
[31m    at Function.Module._load (node:internal/modules/cjs/loader:878:12)[39m
[31m    at Module.require (node:internal/modules/cjs/loader:1061:19)[39m
2023-05-19 21:08:00 [31merror[39m: [31muncaughtException: ⨯ Unable to compile TypeScript:[39m
[31m[96msrc/modules/payment/payment.router.ts[0m:[93m2[0m:[93m31[0m - [91merror[0m[90m TS2306: [0mFile 'C:/Users/KUYE_HARRY/Desktop/COOK/MGXLIFE_BACKEND/src/modules/payment/payment.controller.ts' is not a module.[39m

[31m[7m2[0m import PaymentController from "./payment.controller";[39m
[31m[7m [0m [91m                              ~~~~~~~~~~~~~~~~~~~~~~[0m[39m

[31mTSError: ⨯ Unable to compile TypeScript:[39m
[31m[96msrc/modules/payment/payment.router.ts[0m:[93m2[0m:[93m31[0m - [91merror[0m[90m TS2306: [0mFile 'C:/Users/KUYE_HARRY/Desktop/COOK/MGXLIFE_BACKEND/src/modules/payment/payment.controller.ts' is not a module.[39m

[31m[7m2[0m import PaymentController from "./payment.controller";[39m
[31m[7m [0m [91m                              ~~~~~~~~~~~~~~~~~~~~~~[0m[39m

[31m    at createTSError (C:\Users\KUYE_HARRY\AppData\Roaming\npm\node_modules\ts-node\src\index.ts:859:12)[39m
[31m    at reportTSError (C:\Users\KUYE_HARRY\AppData\Roaming\npm\node_modules\ts-node\src\index.ts:863:19)[39m
[31m    at getOutput (C:\Users\KUYE_HARRY\AppData\Roaming\npm\node_modules\ts-node\src\index.ts:1077:36)[39m
[31m    at Object.compile (C:\Users\KUYE_HARRY\AppData\Roaming\npm\node_modules\ts-node\src\index.ts:1433:41)[39m
[31m    at Module.m._compile (C:\Users\KUYE_HARRY\AppData\Roaming\npm\node_modules\ts-node\src\index.ts:1617:30)[39m
[31m    at Module._extensions..js (node:internal/modules/cjs/loader:1213:10)[39m
[31m    at Object.require.extensions.<computed> [as .ts] (C:\Users\KUYE_HARRY\AppData\Roaming\npm\node_modules\ts-node\src\index.ts:1621:12)[39m
[31m    at Module.load (node:internal/modules/cjs/loader:1037:32)[39m
[31m    at Function.Module._load (node:internal/modules/cjs/loader:878:12)[39m
[31m    at Module.require (node:internal/modules/cjs/loader:1061:19)[39m
2023-05-19 21:09:09 [31merror[39m: [31muncaughtException: ⨯ Unable to compile TypeScript:[39m
[31m[96msrc/modules/payment/payment.router.ts[0m:[93m2[0m:[93m31[0m - [91merror[0m[90m TS2306: [0mFile 'C:/Users/KUYE_HARRY/Desktop/COOK/MGXLIFE_BACKEND/src/modules/payment/payment.controller.ts' is not a module.[39m

[31m[7m2[0m import PaymentController from "./payment.controller";[39m
[31m[7m [0m [91m                              ~~~~~~~~~~~~~~~~~~~~~~[0m[39m

[31mTSError: ⨯ Unable to compile TypeScript:[39m
[31m[96msrc/modules/payment/payment.router.ts[0m:[93m2[0m:[93m31[0m - [91merror[0m[90m TS2306: [0mFile 'C:/Users/KUYE_HARRY/Desktop/COOK/MGXLIFE_BACKEND/src/modules/payment/payment.controller.ts' is not a module.[39m

[31m[7m2[0m import PaymentController from "./payment.controller";[39m
[31m[7m [0m [91m                              ~~~~~~~~~~~~~~~~~~~~~~[0m[39m

[31m    at createTSError (C:\Users\KUYE_HARRY\AppData\Roaming\npm\node_modules\ts-node\src\index.ts:859:12)[39m
[31m    at reportTSError (C:\Users\KUYE_HARRY\AppData\Roaming\npm\node_modules\ts-node\src\index.ts:863:19)[39m
[31m    at getOutput (C:\Users\KUYE_HARRY\AppData\Roaming\npm\node_modules\ts-node\src\index.ts:1077:36)[39m
[31m    at Object.compile (C:\Users\KUYE_HARRY\AppData\Roaming\npm\node_modules\ts-node\src\index.ts:1433:41)[39m
[31m    at Module.m._compile (C:\Users\KUYE_HARRY\AppData\Roaming\npm\node_modules\ts-node\src\index.ts:1617:30)[39m
[31m    at Module._extensions..js (node:internal/modules/cjs/loader:1213:10)[39m
[31m    at Object.require.extensions.<computed> [as .ts] (C:\Users\KUYE_HARRY\AppData\Roaming\npm\node_modules\ts-node\src\index.ts:1621:12)[39m
[31m    at Module.load (node:internal/modules/cjs/loader:1037:32)[39m
[31m    at Function.Module._load (node:internal/modules/cjs/loader:878:12)[39m
[31m    at Module.require (node:internal/modules/cjs/loader:1061:19)[39m
2023-05-19 21:09:09 [31merror[39m: [31muncaughtException: ⨯ Unable to compile TypeScript:[39m
[31m[96msrc/modules/payment/payment.router.ts[0m:[93m2[0m:[93m31[0m - [91merror[0m[90m TS2306: [0mFile 'C:/Users/KUYE_HARRY/Desktop/COOK/MGXLIFE_BACKEND/src/modules/payment/payment.controller.ts' is not a module.[39m

[31m[7m2[0m import PaymentController from "./payment.controller";[39m
[31m[7m [0m [91m                              ~~~~~~~~~~~~~~~~~~~~~~[0m[39m

[31mTSError: ⨯ Unable to compile TypeScript:[39m
[31m[96msrc/modules/payment/payment.router.ts[0m:[93m2[0m:[93m31[0m - [91merror[0m[90m TS2306: [0mFile 'C:/Users/KUYE_HARRY/Desktop/COOK/MGXLIFE_BACKEND/src/modules/payment/payment.controller.ts' is not a module.[39m

[31m[7m2[0m import PaymentController from "./payment.controller";[39m
[31m[7m [0m [91m                              ~~~~~~~~~~~~~~~~~~~~~~[0m[39m

[31m    at createTSError (C:\Users\KUYE_HARRY\AppData\Roaming\npm\node_modules\ts-node\src\index.ts:859:12)[39m
[31m    at reportTSError (C:\Users\KUYE_HARRY\AppData\Roaming\npm\node_modules\ts-node\src\index.ts:863:19)[39m
[31m    at getOutput (C:\Users\KUYE_HARRY\AppData\Roaming\npm\node_modules\ts-node\src\index.ts:1077:36)[39m
[31m    at Object.compile (C:\Users\KUYE_HARRY\AppData\Roaming\npm\node_modules\ts-node\src\index.ts:1433:41)[39m
[31m    at Module.m._compile (C:\Users\KUYE_HARRY\AppData\Roaming\npm\node_modules\ts-node\src\index.ts:1617:30)[39m
[31m    at Module._extensions..js (node:internal/modules/cjs/loader:1213:10)[39m
[31m    at Object.require.extensions.<computed> [as .ts] (C:\Users\KUYE_HARRY\AppData\Roaming\npm\node_modules\ts-node\src\index.ts:1621:12)[39m
[31m    at Module.load (node:internal/modules/cjs/loader:1037:32)[39m
[31m    at Function.Module._load (node:internal/modules/cjs/loader:878:12)[39m
[31m    at Module.require (node:internal/modules/cjs/loader:1061:19)[39m
2023-05-19 21:09:32 [31merror[39m: [31muncaughtException: ⨯ Unable to compile TypeScript:[39m
[31m[96msrc/modules/payment/payment.router.ts[0m:[93m2[0m:[93m31[0m - [91merror[0m[90m TS2306: [0mFile 'C:/Users/KUYE_HARRY/Desktop/COOK/MGXLIFE_BACKEND/src/modules/payment/payment.controller.ts' is not a module.[39m

[31m[7m2[0m import PaymentController from "./payment.controller";[39m
[31m[7m [0m [91m                              ~~~~~~~~~~~~~~~~~~~~~~[0m[39m

[31mTSError: ⨯ Unable to compile TypeScript:[39m
[31m[96msrc/modules/payment/payment.router.ts[0m:[93m2[0m:[93m31[0m - [91merror[0m[90m TS2306: [0mFile 'C:/Users/KUYE_HARRY/Desktop/COOK/MGXLIFE_BACKEND/src/modules/payment/payment.controller.ts' is not a module.[39m

[31m[7m2[0m import PaymentController from "./payment.controller";[39m
[31m[7m [0m [91m                              ~~~~~~~~~~~~~~~~~~~~~~[0m[39m

[31m    at createTSError (C:\Users\KUYE_HARRY\AppData\Roaming\npm\node_modules\ts-node\src\index.ts:859:12)[39m
[31m    at reportTSError (C:\Users\KUYE_HARRY\AppData\Roaming\npm\node_modules\ts-node\src\index.ts:863:19)[39m
[31m    at getOutput (C:\Users\KUYE_HARRY\AppData\Roaming\npm\node_modules\ts-node\src\index.ts:1077:36)[39m
[31m    at Object.compile (C:\Users\KUYE_HARRY\AppData\Roaming\npm\node_modules\ts-node\src\index.ts:1433:41)[39m
[31m    at Module.m._compile (C:\Users\KUYE_HARRY\AppData\Roaming\npm\node_modules\ts-node\src\index.ts:1617:30)[39m
[31m    at Module._extensions..js (node:internal/modules/cjs/loader:1213:10)[39m
[31m    at Object.require.extensions.<computed> [as .ts] (C:\Users\KUYE_HARRY\AppData\Roaming\npm\node_modules\ts-node\src\index.ts:1621:12)[39m
[31m    at Module.load (node:internal/modules/cjs/loader:1037:32)[39m
[31m    at Function.Module._load (node:internal/modules/cjs/loader:878:12)[39m
[31m    at Module.require (node:internal/modules/cjs/loader:1061:19)[39m
2023-05-19 21:09:32 [31merror[39m: [31muncaughtException: ⨯ Unable to compile TypeScript:[39m
[31m[96msrc/modules/payment/payment.router.ts[0m:[93m2[0m:[93m31[0m - [91merror[0m[90m TS2306: [0mFile 'C:/Users/KUYE_HARRY/Desktop/COOK/MGXLIFE_BACKEND/src/modules/payment/payment.controller.ts' is not a module.[39m

[31m[7m2[0m import PaymentController from "./payment.controller";[39m
[31m[7m [0m [91m                              ~~~~~~~~~~~~~~~~~~~~~~[0m[39m

[31mTSError: ⨯ Unable to compile TypeScript:[39m
[31m[96msrc/modules/payment/payment.router.ts[0m:[93m2[0m:[93m31[0m - [91merror[0m[90m TS2306: [0mFile 'C:/Users/KUYE_HARRY/Desktop/COOK/MGXLIFE_BACKEND/src/modules/payment/payment.controller.ts' is not a module.[39m

[31m[7m2[0m import PaymentController from "./payment.controller";[39m
[31m[7m [0m [91m                              ~~~~~~~~~~~~~~~~~~~~~~[0m[39m

[31m    at createTSError (C:\Users\KUYE_HARRY\AppData\Roaming\npm\node_modules\ts-node\src\index.ts:859:12)[39m
[31m    at reportTSError (C:\Users\KUYE_HARRY\AppData\Roaming\npm\node_modules\ts-node\src\index.ts:863:19)[39m
[31m    at getOutput (C:\Users\KUYE_HARRY\AppData\Roaming\npm\node_modules\ts-node\src\index.ts:1077:36)[39m
[31m    at Object.compile (C:\Users\KUYE_HARRY\AppData\Roaming\npm\node_modules\ts-node\src\index.ts:1433:41)[39m
[31m    at Module.m._compile (C:\Users\KUYE_HARRY\AppData\Roaming\npm\node_modules\ts-node\src\index.ts:1617:30)[39m
[31m    at Module._extensions..js (node:internal/modules/cjs/loader:1213:10)[39m
[31m    at Object.require.extensions.<computed> [as .ts] (C:\Users\KUYE_HARRY\AppData\Roaming\npm\node_modules\ts-node\src\index.ts:1621:12)[39m
[31m    at Module.load (node:internal/modules/cjs/loader:1037:32)[39m
[31m    at Function.Module._load (node:internal/modules/cjs/loader:878:12)[39m
[31m    at Module.require (node:internal/modules/cjs/loader:1061:19)[39m
2023-05-19 21:09:50 [31merror[39m: [31muncaughtException: ⨯ Unable to compile TypeScript:[39m
[31m[96msrc/modules/payment/payment.router.ts[0m:[93m2[0m:[93m31[0m - [91merror[0m[90m TS2306: [0mFile 'C:/Users/KUYE_HARRY/Desktop/COOK/MGXLIFE_BACKEND/src/modules/payment/payment.controller.ts' is not a module.[39m

[31m[7m2[0m import PaymentController from "./payment.controller";[39m
[31m[7m [0m [91m                              ~~~~~~~~~~~~~~~~~~~~~~[0m[39m

[31mTSError: ⨯ Unable to compile TypeScript:[39m
[31m[96msrc/modules/payment/payment.router.ts[0m:[93m2[0m:[93m31[0m - [91merror[0m[90m TS2306: [0mFile 'C:/Users/KUYE_HARRY/Desktop/COOK/MGXLIFE_BACKEND/src/modules/payment/payment.controller.ts' is not a module.[39m

[31m[7m2[0m import PaymentController from "./payment.controller";[39m
[31m[7m [0m [91m                              ~~~~~~~~~~~~~~~~~~~~~~[0m[39m

[31m    at createTSError (C:\Users\KUYE_HARRY\AppData\Roaming\npm\node_modules\ts-node\src\index.ts:859:12)[39m
[31m    at reportTSError (C:\Users\KUYE_HARRY\AppData\Roaming\npm\node_modules\ts-node\src\index.ts:863:19)[39m
[31m    at getOutput (C:\Users\KUYE_HARRY\AppData\Roaming\npm\node_modules\ts-node\src\index.ts:1077:36)[39m
[31m    at Object.compile (C:\Users\KUYE_HARRY\AppData\Roaming\npm\node_modules\ts-node\src\index.ts:1433:41)[39m
[31m    at Module.m._compile (C:\Users\KUYE_HARRY\AppData\Roaming\npm\node_modules\ts-node\src\index.ts:1617:30)[39m
[31m    at Module._extensions..js (node:internal/modules/cjs/loader:1213:10)[39m
[31m    at Object.require.extensions.<computed> [as .ts] (C:\Users\KUYE_HARRY\AppData\Roaming\npm\node_modules\ts-node\src\index.ts:1621:12)[39m
[31m    at Module.load (node:internal/modules/cjs/loader:1037:32)[39m
[31m    at Function.Module._load (node:internal/modules/cjs/loader:878:12)[39m
[31m    at Module.require (node:internal/modules/cjs/loader:1061:19)[39m
2023-05-19 21:09:50 [31merror[39m: [31muncaughtException: ⨯ Unable to compile TypeScript:[39m
[31m[96msrc/modules/payment/payment.router.ts[0m:[93m2[0m:[93m31[0m - [91merror[0m[90m TS2306: [0mFile 'C:/Users/KUYE_HARRY/Desktop/COOK/MGXLIFE_BACKEND/src/modules/payment/payment.controller.ts' is not a module.[39m

[31m[7m2[0m import PaymentController from "./payment.controller";[39m
[31m[7m [0m [91m                              ~~~~~~~~~~~~~~~~~~~~~~[0m[39m

[31mTSError: ⨯ Unable to compile TypeScript:[39m
[31m[96msrc/modules/payment/payment.router.ts[0m:[93m2[0m:[93m31[0m - [91merror[0m[90m TS2306: [0mFile 'C:/Users/KUYE_HARRY/Desktop/COOK/MGXLIFE_BACKEND/src/modules/payment/payment.controller.ts' is not a module.[39m

[31m[7m2[0m import PaymentController from "./payment.controller";[39m
[31m[7m [0m [91m                              ~~~~~~~~~~~~~~~~~~~~~~[0m[39m

[31m    at createTSError (C:\Users\KUYE_HARRY\AppData\Roaming\npm\node_modules\ts-node\src\index.ts:859:12)[39m
[31m    at reportTSError (C:\Users\KUYE_HARRY\AppData\Roaming\npm\node_modules\ts-node\src\index.ts:863:19)[39m
[31m    at getOutput (C:\Users\KUYE_HARRY\AppData\Roaming\npm\node_modules\ts-node\src\index.ts:1077:36)[39m
[31m    at Object.compile (C:\Users\KUYE_HARRY\AppData\Roaming\npm\node_modules\ts-node\src\index.ts:1433:41)[39m
[31m    at Module.m._compile (C:\Users\KUYE_HARRY\AppData\Roaming\npm\node_modules\ts-node\src\index.ts:1617:30)[39m
[31m    at Module._extensions..js (node:internal/modules/cjs/loader:1213:10)[39m
[31m    at Object.require.extensions.<computed> [as .ts] (C:\Users\KUYE_HARRY\AppData\Roaming\npm\node_modules\ts-node\src\index.ts:1621:12)[39m
[31m    at Module.load (node:internal/modules/cjs/loader:1037:32)[39m
[31m    at Function.Module._load (node:internal/modules/cjs/loader:878:12)[39m
[31m    at Module.require (node:internal/modules/cjs/loader:1061:19)[39m
